Archipelago (0.6.5) logging initialized on Windows-10-10.0.19045-SP0 running Python 3.13.9
Archipelago (0.6.5) logging initialized on Windows-10-10.0.19045-SP0 running Python 3.13.9
P1 Weights: 355-0.yaml >> Manual_SuperMarioGalaxy2_carboncosmic Template, generated with https://github.com/Eijebong/Archipelago-fuzzer/tree/0.6.2
Generating for 1 player, 95041430680334684846 Seed 627580026 with plando: items, connections, texts, bosses
Archipelago Version 0.6.5  -  Seed: 627580026

Found 83 World Types:
 Adventure                               : v0.0.0  | Items:   15 | Locations:    24
 A Hat in Time                           : v0.0.0  | Items:   58 | Locations:   455
 A Link to the Past                      : v0.0.0  | Items:  146 | Locations:   286
 APQuest                                 : v1.0.1  | Items:    7 | Locations:     7
 Aquaria                                 : v0.0.0  | Items:  134 | Locations:   218
 Blasphemous                             : v0.0.0  | Items:  204 | Locations:   306
 Bomb Rush Cyberfunk                     : v0.0.0  | Items:  165 | Locations:   247
 Bumper Stickers                         : v1.0.0  | Items:   12 | Locations:   100
 Choo-Choo Charles                       : v0.0.0  | Items:   43 | Locations:   691
 Celeste 64                              : v1.3.1  | Items:   24 | Locations:    56
 Celeste (Open World)                    : v1.0.5  | Items:  177 | Locations:  1215
 ChecksFinder                            : v0.0.0  | Items:    3 | Locations:    25
 Civilization VI                         : v0.0.0  | Items:  167 | Locations:   278
 Castlevania 64                          : v0.0.0  | Items:   36 | Locations:   352
 Castlevania - Circle of the Moon        : v0.0.0  | Items:   31 | Locations:   125
 Dark Souls III                          : v0.0.0  | Items: 1204 | Locations:  1506
 Donkey Kong Country 3                   : v1.1.0  | Items:    8 | Locations:   230
 DLCQuest                                : v0.0.0  | Items:   51 | Locations: 18913
 DOOM 1993                               : v0.0.0  | Items:  195 | Locations:   474
 DOOM II                                 : v0.0.0  | Items:  178 | Locations:   479
 Factorio                                : v0.0.0  | Items:  233 | Locations:  6993
 Faxanadu                                : v0.0.0  | Items:   30 | Locations:   110
 Final Fantasy                           : v0.0.0  | Items:  194 | Locations:   267
 Final Fantasy Mystic Quest              : v0.0.0  | Items:   67 | Locations:   266
 Heretic                                 : v0.0.0  | Items:  269 | Locations:  1014
 Hollow Knight                           : v0.0.0  | Items:  249 | Locations:   740
 Hylics 2                                : v0.0.0  | Items:   70 | Locations:   166
 Inscryption                             : v0.0.0  | Items:   42 | Locations:   100
 Jak and Daxter: The Precursor Legacy    : v1.0.0  | Items:   75 | Locations:  4239
 Kirby's Dream Land 3                    : v0.0.0  | Items:   24 | Locations:   876
 Kingdom Hearts                          : v0.0.0  | Items:  215 | Locations:   714
 Kingdom Hearts 2                        : v2.0.0  | Items:  293 | Locations:   724
 Links Awakening DX                      : v2.0.1  | Items:  118 | Locations:   255
 Landstalker - The Treasures of King Nole: v1.8.7  | Items:   62 | Locations:   292
 Lingo                                   : v0.0.0  | Items:  276 | Locations:   872
 Lufia II Ancient Cave                   : v0.0.0  | Items:  415 | Locations:   123
 Luigi's Mansion                         : v0.5.8  | Items:  143 | Locations:   838
 Manual_SuperMarioGalaxy2_carboncosmic   : v0.0.0  | Items:  116 | Locations:  1824
 Manual_SuperMarioGalaxy2_Cereal         : v0.0.0  | Items:  117 | Locations:  1820
 Super Mario Land 2                      : v0.0.0  | Items: 2725 | Locations:  2657
 Meritous                                : v1.0.0  | Items:   23 | Locations:   104
 The Messenger                           : v0.0.0  | Items:   64 | Locations:   136
 Mario & Luigi Superstar Saga            : v0.0.0  | Items:  146 | Locations:   600
 Mega Man 2                              : v0.3.3  | Items:   23 | Locations:    71
 MegaMan Battle Network 3                : v0.0.0  | Items:  224 | Locations:   263
 Muse Dash                               : v1.5.26 | Items:  688 | Locations:  1346
 Noita                                   : v1.4.0  | Items:   32 | Locations:   672
 Ocarina of Time                         : v7.0.0  | Items:  143 | Locations:  1623
 Old School Runescape                    : v0.0.0  | Items:   86 | Locations:   169
 Overcooked! 2                           : v0.0.0  | Items:   45 | Locations:    43
 Paint                                   : v0.0.0  | Items:   27 | Locations:   380
 Pokemon Emerald                         : v2.4.1  | Items:  291 | Locations:  1338
 Pokemon Red and Blue                    : v0.0.0  | Items:  207 | Locations:   709
 Raft                                    : v0.0.0  | Items:  325 | Locations:   154
 Risk of Rain 2                          : v0.0.0  | Items:   51 | Locations:   954
 Sonic Adventure 2 Battle                : v2.4.2  | Items:  182 | Locations:  2555
 Saving Princess                         : v0.0.0  | Items:   20 | Locations:    36
 Starcraft 2                             : v4.0.0  | Items: 1716 | Locations:  3668
 shapez                                  : v0.0.0  | Items:   67 | Locations:  3543
 Shivers                                 : v0.0.0  | Items:   76 | Locations:   117
 A Short Hike                            : v0.0.0  | Items:   37 | Locations:   131
 Super Metroid                           : v0.0.0  | Items:   24 | Locations:   101
 Super Mario 64                          : v0.0.0  | Items:   29 | Locations:   164
 Super Mario World                       : v2.1.1  | Items:   29 | Locations:   765
 SMZ3                                    : v0.0.0  | Items:  151 | Locations:   316
 Secret of Evermore                      : v0.50.1 | Items:  165 | Locations:   913
 Stardew Valley                          : v6.0.0  | Items:  964 | Locations:  3291
 Subnautica                              : v0.0.0  | Items:  104 | Locations:   181
 Terraria                                : v0.0.0  | Items:  188 | Locations:   159
 Timespinner                             : v0.0.0  | Items:  202 | Locations:   748
 The Legend of Zelda                     : v0.0.0  | Items:   33 | Locations:   155
 TUNIC                                   : v4.1.0  | Items:  182 | Locations:  6860
 The Wind Waker                          : v0.0.0  | Items:  152 | Locations:   313
 Undertale                               : v0.0.0  | Items:   85 | Locations:   122
 VVVVVV                                  : v0.0.0  | Items:   20 | Locations:    20
 Wargroove                               : v1.0.0  | Items:   31 | Locations:    38
 The Witness                             : v8.0.0  | Items:  267 | Locations:  1004
 Yacht Dice                              : v2.1.4  | Items:   47 | Locations:  1000
 Yoshi's Island                          : v0.0.0  | Items:   69 | Locations:   235
 Yu-Gi-Oh! 2006                          : v0.0.0  | Items:  172 | Locations:   165
 Zillion                                 : v0.0.0  | Items:   12 | Locations:  1555

Creating MultiWorld.
Creating Items.
Calculating Access Rules.
Running Item Plando.
Running Pre Main Fill.
Filling the multiworld with 241 items.
Traceback (most recent call last):
  File "C:\Users\jesse\PycharmProjects\Archipelago\fuzz.py", line 658, in gen_wrapper
    mw = call_generate(yaml_path, args, output_path)
  File "C:\Users\jesse\PycharmProjects\Archipelago\fuzz.py", line 621, in call_generate
    return ERmain(erargs, seed)
  File "C:\Users\jesse\PycharmProjects\Archipelago\Main.py", line 201, in main
    distribute_items_restrictive(multiworld, get_settings().generator.panic_method)
    ~~~~~~~~~~~~~~~~~~~~~~~~~~~~^^^^^^^^^^^^^^^^^^^^^^^^^^^^^^^^^^^^^^^^^^^^^^^^^^^
  File "C:\Users\jesse\PycharmProjects\Archipelago\Fill.py", line 589, in distribute_items_restrictive
    fill_restrictive(multiworld, maximum_exploration_state, defaultlocations, progitempool, swap=True,
    ~~~~~~~~~~~~~~~~^^^^^^^^^^^^^^^^^^^^^^^^^^^^^^^^^^^^^^^^^^^^^^^^^^^^^^^^^^^^^^^^^^^^^^^^^^^^^^^^^^
                     name="Progression", single_player_placement=single_player)
                     ^^^^^^^^^^^^^^^^^^^^^^^^^^^^^^^^^^^^^^^^^^^^^^^^^^^^^^^^^^
  File "C:\Users\jesse\PycharmProjects\Archipelago\Fill.py", line 246, in fill_restrictive
    raise FillError(f"No more spots to place {len(unplaced_items)} items. Remaining locations are invalid.\n"
    ...<5 lines>...
                    f"{', '.join(str(place) for place in placements)}", multiworld=multiworld)
Fill.FillError: No more spots to place 3 items. Remaining locations are invalid.
Unplaced items:
Flash Black Comet Medal (Player 1), Grand Star (World 4 Access) (Player 1), Grand Star (World 5 Access) (Player 1)
Unfilled locations:
Big Wigglers Speed Run, Lava Lair C - Firebar Clock, Lava Lair C - Sling Star Clock, Stone Cyclone C - Clock at Corner, Digga-Leg's Daredevil Run, Sky Station C - Pewee Fight Clock #2, The Adventure of the Purple Coins, Boulder Bowl - Comet Medal, Galaxy Generator C - Volcano End Clock, Galaxy Generator C - Cloud Cylinder Clock Above Lava, Gravity Gauntlet C - Underwater Clock #1, Stone Cyclone C - Clock on Platform by Circling Stones, Burning Upside Dizzy, The Puzzling Picture Block, Masterpiece Speed Run, Lava Lair C - Whomps Clock #1, Lava Lair C - Flomp Clock #2, Rolling Masterpiece - Comet Medal, Gravity Gauntlet C - Clock on Wall Jump Blocks, Follow Me, Bob-omb, Flipsville's New Digs, Galaxy Generator C - Clock over Firebar, Galaxy Generator C - Yoshi Castle Start Clock, Jungle Fluzzard Race, Squizzard's Sandy Sinkhole, Think Before You Shake, Rock and Rollodillo, A Glimmer of Bulb Berry, Galaxy Generator C - Cloud Cylinder Moving Platforms Clock, Freezy Flake - Comet Medal, Sky Station C - Rolling Cart Clock #2, Twin Falls Hideaway, Bulb Berry's Mysterious Glow, Squizzard's Daredevil Run, Tall Trunk - Comet Medal, The Ultimate Test, Silver Chomp Grudge Match, Silver Stars in Hightail Falls, Gravity Gauntlet C - Clock at Entrance to Fireball Wheels, Saddle Up with Yoshi, Wild Glide - Comet Medal, Lava Lair C - Mattermouths Clock #2, The Perfect Run, Sky Station C - Pewee Fight Clock #4, Rolling Crabber Romp, Gravity Gauntlet C - Underwater Clock #2, Spiny Rainbow Romp
Already placed 194:
Gravity Gauntlet C - Spinning Platforms Clock, Mini-Planet Mega-Run, Hightail Falls Speed Run, Stone Cyclone - Comet Medal, Every Planet Has Its Price, A Stroll Down Rolling Lane, Spin-Dig - Comet Medal, Megahammer's Daredevil Bash, Storming the Sky Fleet, Galaxy Generator C - Cloud Cylinder Clock Above Dry Bones, Snacktime for Gobblegut, Honeybloom - Comet Medal, Galaxy Generator C - Spin-Drill Planet Clock by Octoomba, Galaxy Generator C - Cloud Cylinder Launch Star Clock, Gravity Gauntlet C - Clock on Block in 2D, Galaxy Generator C - Clock by Floaty Fluff #1, Purple Coins on the Rainbow Road, Gobblegut's Aching Belly, Gravity Gauntlet C - Clock on Crate at Start, Lava Lair C - Ground Pound Spring Clock, Wicked Wall Jumps, Fastest Feathers in the Galaxy, Catch That Star Bunny, Fleet Glide - Comet Medal, Fluffy Bluff - Comet Medal, Fiery Flotilla - Comet Medal, Luigi's Purple Coin Chaos, Gravity Gauntlet C - Firebar Wheel Clock #2, Bowser Jr.'s Mighty Megahammer, Exploring the Cosmic Cavern, The Great Crate Incinerator, Throwback Throwdown, Sky Station C - Pewee Fight Clock #3, Purple Coin Shadow Vault, Gravity Gauntlet C - Clock on Lava Bubble Grate, The Secret Wall Jump, Make Mario a Star, Gravity Gauntlet C - Firebar Wheel Clock #1, Throwback Throwdown Speed Run, Bowser's Fortified Fortress, The Chimp's Coin Challenge, Bowser's Big Lava Power Party, Spiny Control, Bowser's Big Bad Speed Run, Silver Stars on the Cyclone, Galaxy Generator C - Spin-Drill Planet Isolated Clock, Galaxy Generator C - Snake Blocks Clock #5, Tall Trunk's Purple Coin Slide, Galaxy Generator C - Floating Volcano Clock, Digga-Leg's Planet, Lava Lair C - Mattermouths Clock #1, The Flotacious Blimp Fruit, Mario Squared - Comet Medal, Slipsand - Comet Medal, Lava Lair - Speed Run, Silver Stars in Double Time, The Chimp's Score Challenge, Galaxy Generator C - Spin-Drill Planet End Clock, Boomsday Machine Daredevil Run, Sky Station C - Clock Beneath First Planet, Sky Station C - Clock Before Rolling Carts, Spinning and Spinning and Spinning, Galaxy Generator C - Snake Blocks Clock #4, Yoshi Star - Comet Medal, Rightside Down - Comet Medal, Galaxy Generator C - Yoshi Castle Dash Clock #2, Gravity Gauntlet C - Clock Over Lava Bubble, Flipsville - Comet Medal, Lava Lair C - Clock by Crystal, Stone Cyclone C - Clock by First Thwomp, Boom Bunker - Comet Medal, Grandmaster - Comet Medal, Search for the Toad Brigade Captain, Lava Lair - Comet Medal, Galaxy Generator C - Snake Blocks Clock #1, Lava Lair C - Meteor Clock, Breaking the Laws of Gravity, Galaxy Generator C - Spin-Drill Planet Start Clock, Purple Coin Flip 'n' Sprint, Gravity Star Speed Run, Sky Station - Comet Medal, Huge Trouble with Big Wigglers, Purple Coin Beach Dash, C'mere, Goomba, C'mere, Topman, Honeyhop - Comet Medal, Whomp Silver Star Speed Run, Peewee Piranha's Temper Tantrum, Hot-Stepping Dash Pepper, The Shadow Lining, Turning Turning Double Time, Bumble Beginnings, Lava Lair C - Firebar Snake Block Clock, Galaxy Generator C - Clock by Floaty Fluff #2, Sky Station C - Pewee Fight Clock #5, Purple Coin Spin Speed Run, In Full Bloom, Galaxy Generator C - Snake Blocks Clock #3, The Rainbow Road Roll, Upside Dizzy - Comet Medal, Bugaboom's Back, The Star in the Sinking Swamp, Flip-Swap - Comet Medal, Galaxy Generator C - Cloud Cylinder Big Drop Top Clock, Sky Station C - Clock Above Green Pipe, Galaxy Generator C - Spin-Drill Planet Launch Star Clock, Mini-Planet Daredevil Run, Bulb Berry's Purple Coin Glow, The Sweetest Silver Stars, Surf, Sand, and Silver Stars, Puzzle Plank - Comet Medal, Stone Cyclone C - Clock Before End, Galaxy Generator C - Cloud Cylinder Start Clock, Sweet Mystery - Comet Medal, Flip-Out - Comet Medal, Galaxy Generator C - Cloud Cylinder Climb Clock, Jumping Around in the Dark, Flash Black - Comet Medal, Cosmic Clone Wall Jumpers, Fearsome Fleet - Comet Medal, Stone Cyclone C - Clock at Start, Beat Block - Comet Medal, Boss Blitz - Comet Medal, Galaxy Generator C - Cloud Cylinder Big Drop Bottom Clock, Tall Trunk's Big Slide, The Ledge Hammer Trap, Bowser on Ice, The Chimp's Stomp Challenge, Fiery Flotilla Speed Run, Melty Monster - Comet Medal, Lava Lair C - Statues Snake Block Clock, Gravity Gauntlet C - Clock Among Whomps, The Magnificent Magma Sea, Octo-Army Icy Rainbow Romp, Sailing the Sandy Seas, Sorbetti's Chilly Reception, Slimy Spring - Comet Medal, Clockwork Ruins - Comet Medal, Return of the Whomp King, The Deep Shell Well, Throwback - Comet Medal, To the Top of Topman's Tower, Haunty Halls - Comet Medal, Dark Octo-Army Romp, The Chimp's Bowling Challenge, Hightail Falls - Comet Medal, Space Storm - Comet Medal, Silver Stars Pop-Up, Time for Adventure, The Chimp's Skating Challenge, Twisty Trials - Comet Medal, A Walk on the Weird Side, Sky Station C - Pewee Fight Clock #1, Stone Cyclone C - Clock After Circling Stones, Battle Belt - Comet Medal, Sneaking Down the Creepy Corridor, Spooky Cosmic Clone Chase, Cosmic Cove - Comet Medal, Fluzzard's First Flight, Cosmic Clones in the Chompworks, Silver Stars Down Deep, Where the Chomps Are Made of Gold, Tox Box Speed Run, Flip-Flopping in Flipsville, Gravity Gauntlet C - Clock by Exit of Water, Climbing the Cloudy Tower, Spring into the Chompworks, The Chimp's Ultimate Skating Challenge, Supermassive - Comet Medal, Silver Stars in the Purple Pond, Haunting the Howling Tower, Bowser Jr.'s Boomsday Machine, Sky Station C - Rolling Cart Clock #1, Rolling Coaster - Comet Medal, Galaxy Generator C - Yoshi Castle Dash Clock #1, Fluzzard's Wild Battlefield Glide, Galaxy Generator C - Snake Blocks Clock #2, Lava Lair C - Flomp Clock #1, Peewee Piranha's Speed Run, Galaxy Generator C - Cloud Cylinder Secret Path Clock, Lava Lair C - Whomps Clock #2, Lava Lair C - Magikoopa Clock, Galaxy Generator - Comet Medal, Silver Stars in the Whomp Fortress, Prince Pikante's Peppery Mood, Step to the Beep, Starshine Beach - Comet Medal, Breaking into Bowser's Castle, Chompworks - Comet Medal, Boo Moon - Comet Medal, Shiverburn - Comet Medal, Cloudy Court - Comet Medal, Head in the Clouds, Gravity Gauntlet Comet Medal
All Placements:
[(Starship Mario Refueled - Objective, __Victory__), (Sky Station - Comet Medal, Power Star), (Peewee Piranha's Temper Tantrum, Boom Bunker Comet Medal), (Storming the Sky Fleet, Power Star), (Sky Station C - Clock Above Green Pipe, Power Star), (Sky Station C - Clock Beneath First Planet, Twisty Trials Comet Medal), (Sky Station C - Clock Before Rolling Carts, Clockwork Ruins Comet Medal), (Sky Station C - Rolling Cart Clock #1, Bulb Berry), (Peewee Piranha's Speed Run, Slimy Spring Comet Medal), (Sky Station C - Pewee Fight Clock #1, Honeyhop Chimp Letter), (Sky Station C - Pewee Fight Clock #3, Power Star), (Sky Station C - Pewee Fight Clock #5, Battle Belt Comet Medal), (Yoshi Star - Comet Medal, Power Star), (Spiny Control, Power Star), (Spin-Dig - Comet Medal, Power Star), (Digga-Leg's Planet, Puzzle Plank Comet Medal), (Silver Stars Down Deep, Flipsville Comet Medal), (Fluffy Bluff - Comet Medal, Power Star), (Search for the Toad Brigade Captain, Power Star), (The Chimp's Stomp Challenge, Power Star), (Every Planet Has Its Price, Power Star), (Flip-Swap - Comet Medal, Chompworks Comet Medal), (Purple Coin Flip 'n' Sprint, Fearsome Fleet Comet Medal), (The Great Crate Incinerator, Boulder Bowl Gearmo Letter), (Rightside Down - Comet Medal, Power Star), (Breaking the Laws of Gravity, Fleet Glide Jibberjay Letter), (Fiery Flotilla - Comet Medal, Power Star), (Gobblegut's Aching Belly, Power Star), (Fiery Flotilla Speed Run, Power Star), (Puzzle Plank - Comet Medal, Power Star), (Purple Coin Shadow Vault, Power Star), (Bugaboom's Back, Supermassive Comet Medal), (Hot-Stepping Dash Pepper, Rolling Coaster Comet Medal), (Hightail Falls - Comet Medal, Mario Squared Comet Medal), (Hightail Falls Speed Run, Wild Glide Jibberjay Letter), (C'mere, Goomba, Space Storm Gearmo Letter), (Cosmic Cove - Comet Medal, Koopa Shell), (Exploring the Cosmic Cavern, Power Star), (Catch That Star Bunny, Bee Mushroom), (Fluzzard's First Flight, Galaxy Generator Comet Medal), (Honeybloom - Comet Medal, Dash Pepper), (Bumble Beginnings, Power Star), (The Secret Wall Jump, Flip-Out Comet Medal), (Lava Lair - Comet Medal, Power Star), (Bowser's Big Lava Power Party, Power Star), (Lava Lair C - Magikoopa Clock, Sweet Mystery Comet Medal), (Lava Lair C - Ground Pound Spring Clock, Shiverburn Comet Medal), (Lava Lair C - Clock by Crystal, Power Star), (Lava Lair C - Flomp Clock #1, Slimy Spring Chimp Letter), (Lava Lair C - Whomps Clock #2, Boulder Bowl Comet Medal), (Lava Lair C - Meteor Clock, Power Star), (Lava Lair C - Mattermouths Clock #1, Fluzzard), (Lava Lair - Speed Run, Cannon Permit), (Lava Lair C - Firebar Snake Block Clock, Power Star), (Lava Lair C - Statues Snake Block Clock, Power Star), (The Flotacious Blimp Fruit, Power Star), (Tall Trunk's Big Slide, Power Star), (Tall Trunk's Purple Coin Slide, Honeyhop Comet Medal), (Head in the Clouds, Cloudy Court Comet Medal), (Cloudy Court - Comet Medal, Pull Stars), (The Shadow Lining, Power Star), (Silver Stars in the Purple Pond, Power Star), (Haunty Halls - Comet Medal, Power Star), (Sneaking Down the Creepy Corridor, Power Star), (Spooky Cosmic Clone Chase, Power Star), (Bowser on Ice, Gravity Gauntlet Comet Medal), (Sorbetti's Chilly Reception, Power Star), (The Chimp's Skating Challenge, Power Star), (Step to the Beep, Cloud Flower), (Beat Block - Comet Medal, Power Star), (Silver Stars in Double Time, Power Star), (Fearsome Fleet - Comet Medal, Power Star), (Bowser Jr.'s Mighty Megahammer, Power Star), (Megahammer's Daredevil Bash, Power Star), (Supermassive - Comet Medal, Power Star), (In Full Bloom, Spin-Dig Comet Medal), (Huge Trouble with Big Wigglers, Starshine Beach Comet Medal), (Flipsville - Comet Medal, Power Star), (Flip-Flopping in Flipsville, Power Star), (Purple Coin Spin Speed Run, Grand Star (World S Access)), (Starshine Beach - Comet Medal, Tornado Soaring), (Surf, Sand, and Silver Stars, Slipsand Comet Medal), (Climbing the Cloudy Tower, Power Star), (Purple Coin Beach Dash, Fleet Glide Comet Medal), (Chompworks - Comet Medal, Haunty Halls Comet Medal), (Where the Chomps Are Made of Gold, Power Star), (Spring into the Chompworks, Power Star), (Cosmic Clones in the Chompworks, Power Star), (Sweet Mystery - Comet Medal, Power Star), (Bulb Berry's Purple Coin Glow, Tall Trunk Comet Medal), (Honeyhop - Comet Medal, Beat Block Comet Medal), (The Sweetest Silver Stars, Power Star), (The Chimp's Score Challenge, Power Star), (Gravity Gauntlet Comet Medal, Rock Mushroom), (Breaking into Bowser's Castle, Grand Star (World 6 Access)), (Gravity Gauntlet C - Clock on Crate at Start, Power Star), (Gravity Gauntlet C - Clock on Lava Bubble Grate, Power Star), (Gravity Gauntlet C - Clock on Block in 2D, Freezy Flake Comet Medal), (Gravity Gauntlet C - Clock Over Lava Bubble, Boo Moon Comet Medal), (Gravity Gauntlet C - Clock by Exit of Water, Wild Glide Comet Medal), (Gravity Gauntlet C - Clock Among Whomps, Power Star), (Gravity Star Speed Run, Power Star), (Gravity Gauntlet C - Firebar Wheel Clock #1, Power Star), (Gravity Gauntlet C - Firebar Wheel Clock #2, Power Star), (Gravity Gauntlet C - Spinning Platforms Clock, Power Star), (Space Storm - Comet Medal, Power Star), (C'mere, Topman, Power Star), (To the Top of Topman's Tower, Power Star), (Slipsand - Comet Medal, Power Star), (Sailing the Sandy Seas, Power Star), (Shiverburn - Comet Medal, Spring Mushroom), (Prince Pikante's Peppery Mood, Power Star), (Octo-Army Icy Rainbow Romp, Power Star), (The Chimp's Ultimate Skating Challenge, Power Star), (Boo Moon - Comet Medal, Throwback Comet Medal), (The Star in the Sinking Swamp, Power Star), (Silver Stars Pop-Up, Power Star), (Haunting the Howling Tower, Fluffy Bluff Chimp Letter), (A Walk on the Weird Side, Power Star), (Upside Dizzy - Comet Medal, Power Star), (Fluzzard's Wild Battlefield Glide, Cosmic Cove Comet Medal), (Fleet Glide - Comet Medal, Power Star), (Fastest Feathers in the Galaxy, Power Star), (Boom Bunker - Comet Medal, Stone Cyclone Comet Medal), (Bowser Jr.'s Boomsday Machine, Yoshi Star Comet Medal), (Boomsday Machine Daredevil Run, Blimp Fruit), (The Magnificent Magma Sea, Power Star), (Melty Monster - Comet Medal, Power Star), (A Stroll Down Rolling Lane, Power Star), (The Chimp's Bowling Challenge, Power Star), (Clockwork Ruins - Comet Medal, Power Star), (Time for Adventure, Power Star), (The Ledge Hammer Trap, Power Star), (Throwback - Comet Medal, Power Star), (Return of the Whomp King, Power Star), (Silver Stars in the Whomp Fortress, Power Star), (Whomp Silver Star Speed Run, Power Star), (Battle Belt - Comet Medal, Power Star), (Mini-Planet Mega-Run, Power Star), (Mini-Planet Daredevil Run, Power Star), (Snacktime for Gobblegut, Fiery Flotilla Comet Medal), (Flash Black - Comet Medal, Power Star), (Jumping Around in the Dark, Grand Star (World 1 Access)), (Dark Octo-Army Romp, Power Star), (Slimy Spring - Comet Medal, Power Star), (The Deep Shell Well, Power Star), (The Chimp's Coin Challenge, Power Star), (Galaxy Generator - Comet Medal, Rolling Masterpiece Comet Medal), (Bowser's Fortified Fortress, Power Star), (Galaxy Generator C - Clock by Floaty Fluff #1, Power Star), (Galaxy Generator C - Clock by Floaty Fluff #2, Grand Star (World 2 Access)), (Galaxy Generator C - Floating Volcano Clock, Lava Lair Comet Medal), (Galaxy Generator C - Spin-Drill Planet Start Clock, Power Star), (Galaxy Generator C - Spin-Drill Planet Clock by Octoomba, Rainbow Star), (Galaxy Generator C - Spin-Drill Planet Isolated Clock, Power Star), (Galaxy Generator C - Spin-Drill Planet End Clock, Power Star), (Galaxy Generator C - Spin-Drill Planet Launch Star Clock, Fluffy Bluff Comet Medal), (Galaxy Generator C - Cloud Cylinder Start Clock, Power Star), (Galaxy Generator C - Cloud Cylinder Clock Above Dry Bones, Yoshi), (Galaxy Generator C - Cloud Cylinder Big Drop Top Clock, Power Star), (Galaxy Generator C - Cloud Cylinder Secret Path Clock, Hightail Falls Comet Medal), (Galaxy Generator C - Cloud Cylinder Big Drop Bottom Clock, Power Star), (Galaxy Generator C - Cloud Cylinder Climb Clock, Power Star), (Galaxy Generator C - Cloud Cylinder Launch Star Clock, Power Star), (Galaxy Generator C - Yoshi Castle Dash Clock #1, Melty Monster Comet Medal), (Galaxy Generator C - Yoshi Castle Dash Clock #2, Power Star), (Galaxy Generator C - Snake Blocks Clock #1, Power Star), (Galaxy Generator C - Snake Blocks Clock #2, Honeybloom Comet Medal), (Galaxy Generator C - Snake Blocks Clock #3, Rightside Down Comet Medal), (Galaxy Generator C - Snake Blocks Clock #4, Power Star), (Galaxy Generator C - Snake Blocks Clock #5, Power Star), (Bowser's Big Bad Speed Run, Power Star), (Make Mario a Star, Bob-ombs), (Mario Squared - Comet Medal, Power Star), (Luigi's Purple Coin Chaos, Flip-Swap Comet Medal), (The Rainbow Road Roll, Boss Blitz Comet Medal), (Rolling Coaster - Comet Medal, Floaty Fluff), (Purple Coins on the Rainbow Road, Star Ball), (Spinning and Spinning and Spinning, Fire Flower), (Twisty Trials - Comet Medal, Spin-Drill), (Turning Turning Double Time, Power Star), (Stone Cyclone - Comet Medal, Grandmaster Comet Medal), (Silver Stars on the Cyclone, Power Star), (Stone Cyclone C - Clock at Start, Power Star), (Stone Cyclone C - Clock by First Thwomp, Power Star), (Tox Box Speed Run, Sky Station Comet Medal), (Stone Cyclone C - Clock After Circling Stones, Space Storm Comet Medal), (Stone Cyclone C - Clock Before End, Power Star), (Boss Blitz - Comet Medal, Power Star), (Throwback Throwdown, Upside Dizzy Comet Medal), (Throwback Throwdown Speed Run, Boo Mushroom), (Wicked Wall Jumps, Power Star), (Flip-Out - Comet Medal, Power Star), (Cosmic Clone Wall Jumpers, Power Star), (Grandmaster - Comet Medal, Power Star), (0_HAS_GROUND_SPIN, Has Ground Spin), (1_HAS_AIR_SPIN, Has Air Spin), (2_CAN_BACK_OR_SIDEFLIP, Can Back or Sideflip), (3_HAS_BACKFLIP, Has Backflip), (4_HAS_SIDEFLIP, Has Sideflip), (5_HAS_WALL_JUMP, Has Wall Jump), (6_CAN_WALL_SPIN, Can Wall Spin), (7_HAS_GROUND_POUND, Has Ground Pound), (8_CAN_HOMING_GROUND_POUND, Can Homing Ground Pound), (9_HAS_LONG_JUMP, Has Long Jump), (10_CAN_LONG_SPIN, Can Long Spin), (11_HAS_DOUBLE_JUMP, Has Double Jump), (12_HAS_TRIPLE_JUMP, Has Triple Jump), (13_HAS_BEE, Has Bee), (14_HAS_BOO, Has Boo), (15_HAS_SPRING, Has Spring), (16_HAS_ROCK, Has Rock), (17_HAS_FIRE, Has Fire), (18_HAS_CLOUD, Has Cloud), (19_HAS_INVINCIBILITY, Has Invincibility), (20_HAS_SPIN-DRILL, Has Spin-Drill), (21_HAS_YOSHI, Has Yoshi), (22_HAS_DASH_PEPPER, Has Dash Pepper), (23_HAS_BLIMP_FRUIT, Has Blimp Fruit), (24_HAS_BULB_BERRY, Has Bulb Berry), (25_CAN_USE_DASH, Can Use Dash), (26_CAN_USE_BLIMP, Can Use Blimp), (27_CAN_USE_BULB, Can Use Bulb), (28_HAS_STAR_BALL, Has Star Ball), (29_HAS_FLUZZARD, Has Fluzzard), (30_HAS_KOOPA_SHELL, Has Koopa Shell), (31_HAS_BOB-OMBS, Has Bob-ombs), (32_HAS_PULL_STARS, Has Pull Stars), (33_HAS_CANNON_PERMIT, Has Cannon Permit), (34_HAS_TORNADOES, Has Tornadoes), (35_HAS_FLOATY_FLUFF, Has Floaty Fluff), (36_CAN_USE_FLOATY_FLUFF, Can Use Floaty Fluff), (37_HAS_SPEEDY_COMETS, Has Speedy Comets), (38_HAS_DAREDEVIL_COMETS, Has Daredevil Comets), (39_HAS_CLONE_COMETS, Has Clone Comets), (40_HAS_ROMP_COMETS, Has Romp Comets), (41_HAS_DOUBLE_TIME_COMETS, Has Double Time Comets), (42_HAS_PURPLE_COMETS, Has Purple Comets), (43_HAS_GREEN_COMETS, Has Green Comets), (44_JUMP_HEIGHT_6, Jump Height 6), (45_JUMP_HEIGHT_5, Jump Height 5), (46_JUMP_HEIGHT_4, Jump Height 4), (47_JUMP_HEIGHT_3, Jump Height 3), (48_JUMP_HEIGHT_2, Jump Height 2), (49_NARROW_JUMP_3, Narrow Jump 3), (50_NARROW_JUMP_5, Narrow Jump 5), (51_CAN_SWIM, Can Swim), (52_CAN_BREAK_CRATES, Can Break Crates), (53_CAN_MAKE_CLOUDS, Can Make Clouds), (54_CAN_MAKE_GROUND_CLOUDS, Can Make Ground Clouds), (55_CAN_COMPLETE_BONUS_ROOM_?_COINS, Can Complete Bonus Room ? Coins), (56_CAN_CLIMB_WHOMPS, Can Climb Whomps), (57_JACK_O'GOOMBA_TELEPORTER, Jack O'Goomba Teleporter), (58_CAN_ENTER_GALAXY_GENERATOR, Can Enter Galaxy Generator), (59_HAS_GRANDMASTER_GREENS, Has Grandmaster Greens), (60_CAN_ENTER_GRANDMASTER_GALAXY, Can Enter Grandmaster Galaxy), (61_SKY_STATION_GREEN_STARS, Sky Station Green Stars), (62_YOSHI_STAR_GREEN_STARS, Yoshi Star Green Stars), (63_SPIN-DIG_GREEN_STARS, Spin-Dig Green Stars), (64_FLUFFY_BLUFF_GREEN_STARS, Fluffy Bluff Green Stars), (65_FLIP-SWAP_GREEN_STARS, Flip-Swap Green Stars), (66_RIGHTSIDE_DOWN_GREEN_STARS, Rightside Down Green Stars), (67_FIERY_FLOTILLA_GREEN_STARS, Fiery Flotilla Green Stars), (68_PUZZLE_PLANK_GREEN_STARS, Puzzle Plank Green Stars), (69_HIGHTAIL_FALLS_GREEN_STARS, Hightail Falls Green Stars), (70_BOULDER_BOWL_GREEN_STARS, Boulder Bowl Green Stars), (71_COSMIC_COVE_GREEN_STARS, Cosmic Cove Green Stars), (72_WILD_GLIDE_GREEN_STARS, Wild Glide Green Stars), (73_HONEYBLOOM_GREEN_STARS, Honeybloom Green Stars), (74_LAVA_LAIR_GREEN_STARS, Lava Lair Green Stars), (75_TALL_TRUNK_GREEN_STARS, Tall Trunk Green Stars), (76_CLOUDY_COURT_GREEN_STARS, Cloudy Court Green Stars), (77_HAUNTY_HALLS_GREEN_STARS, Haunty Halls Green Stars), (78_FREEZY_FLAKE_GREEN_STARS, Freezy Flake Green Stars), (79_ROLLING_MASTERPIECE_GREEN_STARS, Rolling Masterpiece Green Stars), (80_BEAT_BLOCK_GREEN_STARS, Beat Block Green Stars), (81_FEARSOME_FLEET_GREEN_STARS, Fearsome Fleet Green Stars), (82_SUPERMASSIVE_GREEN_STARS, Supermassive Green Stars), (83_FLIPSVILLE_GREEN_STARS, Flipsville Green Stars), (84_STARSHINE_BEACH_GREEN_STARS, Starshine Beach Green Stars), (85_CHOMPWORKS_GREEN_STARS, Chompworks Green Stars), (86_SWEET_MYSTERY_GREEN_STARS, Sweet Mystery Green Stars), (87_HONEYHOP_GREEN_STARS, Honeyhop Green Stars), (88_GRAVITY_GAUNTLET_GREEN_STARS, Gravity Gauntlet Green Stars), (89_SPACE_STORM_GREEN_STARS, Space Storm Green Stars), (90_SLIPSAND_GREEN_STARS, Slipsand Green Stars), (91_SHIVERBURN_GREEN_STARS, Shiverburn Green Stars), (92_BOO_MOON_GREEN_STARS, Boo Moon Green Stars), (93_UPSIDE_DIZZY_GREEN_STARS, Upside Dizzy Green Stars), (94_FLEET_GLIDE_GREEN_STARS, Fleet Glide Green Stars), (95_BOOM_BUNKER_GREEN_STARS, Boom Bunker Green Stars), (96_MELTY_MONSTER_GREEN_STARS, Melty Monster Green Stars), (97_CLOCKWORK_RUINS_GREEN_STARS, Clockwork Ruins Green Stars), (98_THROWBACK_GREEN_STARS, Throwback Green Stars), (99_BATTLE_BELT_GREEN_STARS, Battle Belt Green Stars), (100_FLASH_BLACK_GREEN_STARS, Flash Black Green Stars), (101_SLIMY_SPRING_GREEN_STARS, Slimy Spring Green Stars), (102_GALAXY_GENERATOR_GREEN_STARS, Galaxy Generator Green Stars), (103_MARIO_SQUARED_GREEN_STARS, Mario Squared Green Stars), (104_ROLLING_COASTER_GREEN_STARS, Rolling Coaster Green Stars), (105_TWISTY_TRIALS_GREEN_STARS, Twisty Trials Green Stars), (106_STONE_CYCLONE_GREEN_STARS, Stone Cyclone Green Stars), (107_BOSS_BLITZ_GREEN_STARS, Boss Blitz Green Stars), (108_FLIP-OUT_GREEN_STARS, Flip-Out Green Stars)]
